// Jest Snapshot v1, https://goo.gl/fbAQLP

exports[`PrimaryTitle should match snapshot 1`] = `
<div>
  <h1
    class="text-3xl font-bold text-primary-600 text-center sm:text-start"
  >
    Fa√ßa seu Registro
  </h1>
</div>
`;
